// Jest Snapshot v1, https://goo.gl/fbAQLP

exports[`Button lg Button mounted 1`] = `<button>大按钮</button>`;

exports[`Button sm Button mounted 1`] = `<button>小按钮</button>`;
